
Discarded input sections

 .eh_frame      0x0000000000000000       0xe0 ./memory/pmm.c.o
 .eh_frame      0x0000000000000000       0x90 ./utils/mem.c.o
 .eh_frame      0x0000000000000000       0xe0 ./utils/num.c.o
 .eh_frame      0x0000000000000000       0x58 ./kernel.c.o
 .eh_frame      0x0000000000000000       0x98 ./core/idt.c.o
 .eh_frame      0x0000000000000000       0x30 ./core/gdt.c.o
 .eh_frame      0x0000000000000000       0x38 ./core/panic.c.o
 .eh_frame      0x0000000000000000       0x40 ./io/io.c.o
 .eh_frame      0x0000000000000000      0x140 ./io/serial.c.o

Memory Configuration

Name             Origin             Length             Attributes
*default*        0x0000000000000000 0xffffffffffffffff

Linker script and memory map

LOAD ./memory/pmm.c.o
LOAD ./utils/mem.c.o
LOAD ./utils/num.c.o
LOAD ./kernel.c.o
LOAD ./core/idt.c.o
LOAD ./core/gdt.c.o
LOAD ./core/panic.c.o
LOAD ./io/io.c.o
LOAD ./io/serial.c.o
LOAD ./core/gdtasm.asm.o
LOAD ./core/idtasm.asm.o
                0xffffffff80000000                . = 0xffffffff80000000

.text           0xffffffff80000000     0x5712
 *(.text .text.*)
 .text          0xffffffff80000000      0x532 ./memory/pmm.c.o
                0xffffffff80000000                pmm_set_bitmap
                0xffffffff80000030                pmm_get_bitmap
                0xffffffff80000050                init_pmm
                0xffffffff80000290                pmm_alloc
                0xffffffff800004e0                pmm_free
 *fill*         0xffffffff80000532        0xe 
 .text          0xffffffff80000540      0x15b ./utils/mem.c.o
                0xffffffff80000540                memcpy
                0xffffffff80000570                memset
                0xffffffff80000590                memmove
                0xffffffff800005e0                memcmp
                0xffffffff80000620                strcmp
                0xffffffff80000670                strlen
 *fill*         0xffffffff8000069b        0x5 
 .text          0xffffffff800006a0      0x1cc ./utils/num.c.o
                0xffffffff80000770                itoa_i64
                0xffffffff80000790                itoa_i32
                0xffffffff800007b0                itoa_i16
                0xffffffff800007d0                itoa_i8
                0xffffffff800007f0                itoa_u64
                0xffffffff80000810                itoa_u32
                0xffffffff80000830                itoa_u16
                0xffffffff80000850                itoa_u8
 *fill*         0xffffffff8000086c        0x4 
 .text          0xffffffff80000870      0x233 ./kernel.c.o
                0xffffffff80000870                irqTest
                0xffffffff80000880                _start
 *fill*         0xffffffff80000aa3        0xd 
 .text          0xffffffff80000ab0      0x17c ./core/idt.c.o
                0xffffffff80000ab0                idt_set_entry
                0xffffffff80000b00                init_idt
                0xffffffff80000b70                handle_isr
                0xffffffff80000ba0                set_handler
                0xffffffff80000c00                handle_irq
 *fill*         0xffffffff80000c2c        0x4 
 .text          0xffffffff80000c30        0xe ./core/gdt.c.o
                0xffffffff80000c30                init_gdt
 *fill*         0xffffffff80000c3e        0x2 
 .text          0xffffffff80000c40       0x33 ./core/panic.c.o
                0xffffffff80000c40                panic
 *fill*         0xffffffff80000c73        0xd 
 .text          0xffffffff80000c80       0x16 ./io/io.c.o
                0xffffffff80000c80                inb
                0xffffffff80000c90                outb
 *fill*         0xffffffff80000c96        0xa 
 .text          0xffffffff80000ca0      0x294 ./io/serial.c.o
                0xffffffff80000ca0                init_serial
                0xffffffff80000d60                serial_received
                0xffffffff80000d80                read_serial
                0xffffffff80000db0                is_transmit_empty
                0xffffffff80000dd0                write_serial
                0xffffffff80000e10                write_serial_string
                0xffffffff80000e60                write_serial_u64
                0xffffffff80000ed0                write_serial_i64
 *fill*         0xffffffff80000f34        0xc 
 .text          0xffffffff80000f40       0x1b ./core/gdtasm.asm.o
                0xffffffff80000f40                reload_segments
 *fill*         0xffffffff80000f5b        0x5 
 .text          0xffffffff80000f60     0x47b2 ./core/idtasm.asm.o

.plt            0xffffffff80005720        0x0
 .plt           0xffffffff80005720        0x0 ./memory/pmm.c.o

.plt.got        0xffffffff80005718        0x0
 .plt.got       0xffffffff80005718        0x0 ./memory/pmm.c.o
                0xffffffff80006718                . = (. + CONSTANT (MAXPAGESIZE))

.rodata         0xffffffff80006718      0x57c
 *(.rodata .rodata.*)
 .rodata.str1.1
                0xffffffff80006718       0xa9 ./memory/pmm.c.o
                                         0xae (size before relaxing)
 *fill*         0xffffffff800067c1        0x7 
 .rodata.str1.8
                0xffffffff800067c8       0x6d ./memory/pmm.c.o
 *fill*         0xffffffff80006835        0x3 
 .rodata.str1.8
                0xffffffff80006838       0x48 ./utils/num.c.o
 .rodata.str1.1
                0xffffffff80006880       0xdb ./kernel.c.o
                                         0xdd (size before relaxing)
 *fill*         0xffffffff8000695b        0x5 
 .rodata.str1.8
                0xffffffff80006960       0x68 ./kernel.c.o
 .rodata.str1.1
                0xffffffff800069c8      0x160 ./core/idt.c.o
                                        0x162 (size before relaxing)
 .rodata.str1.8
                0xffffffff80006b28      0x162 ./core/idt.c.o
 .rodata.cst2   0xffffffff80006c8a        0x2 ./core/idt.c.o
 .rodata.str1.1
                0xffffffff80006c8c        0x8 ./core/panic.c.o
                                          0xa (size before relaxing)

.gnu.version_d  0xffffffff80006c98        0x0
 .gnu.version_d
                0xffffffff80006c98        0x0 ./memory/pmm.c.o

.gnu.version    0xffffffff80006c94        0x0
 .gnu.version   0xffffffff80006c94        0x0 ./memory/pmm.c.o

.gnu.version_r  0xffffffff80006c98        0x0
 .gnu.version_r
                0xffffffff80006c98        0x0 ./memory/pmm.c.o

.dynsym         0xffffffff80006c98       0x18
 .dynsym        0xffffffff80006c98       0x18 ./memory/pmm.c.o

.dynstr         0xffffffff80006cb0        0x1
 .dynstr        0xffffffff80006cb0        0x1 ./memory/pmm.c.o

.hash           0xffffffff80006cb8       0x10
 .hash          0xffffffff80006cb8       0x10 ./memory/pmm.c.o

.gnu.hash       0xffffffff80006cc8       0x1c
 .gnu.hash      0xffffffff80006cc8       0x1c ./memory/pmm.c.o

.rela.dyn       0xffffffff80006ce8     0x19f8
 .rela.plt      0xffffffff80006ce8        0x0 ./memory/pmm.c.o
 .rela.got      0xffffffff80006ce8        0x0 ./memory/pmm.c.o
 .rela.bss      0xffffffff80006ce8        0x0 ./memory/pmm.c.o
 .rela.data.rel.ro
                0xffffffff80006ce8        0x0 ./memory/pmm.c.o
 .rela.ifunc    0xffffffff80006ce8        0x0 ./memory/pmm.c.o
 .rela.data.rel.ro.local
                0xffffffff80006ce8      0x1e0 ./memory/pmm.c.o
 .rela.data.rel.local
                0xffffffff80006ec8       0x18 ./memory/pmm.c.o
 .rela.data     0xffffffff80006ee0     0x1800 ./memory/pmm.c.o
                0xffffffff800096e0                . = (. + CONSTANT (MAXPAGESIZE))

.data           0xffffffff800096e0      0x9d4
 *(.data .data.*)
 .data          0xffffffff800096e0        0x0 ./memory/pmm.c.o
 .data.rel.ro   0xffffffff800096e0        0x0 ./memory/pmm.c.o
 .data          0xffffffff800096e0        0x0 ./utils/mem.c.o
 .data          0xffffffff800096e0        0x0 ./utils/num.c.o
 .data          0xffffffff800096e0       0xf0 ./kernel.c.o
                0xffffffff80009760                kernel_request
                0xffffffff800097a0                hhdm_request
 .data          0xffffffff800097d0        0x0 ./core/idt.c.o
 *fill*         0xffffffff800097d0       0x10 
 .data.rel.ro.local
                0xffffffff800097e0       0xa0 ./core/idt.c.o
 .data          0xffffffff80009880       0x28 ./core/gdt.c.o
                0xffffffff80009880                gdt
 .data.rel.local
                0xffffffff800098a8        0xa ./core/gdt.c.o
                0xffffffff800098a8                gdtr
 .data          0xffffffff800098b2        0x0 ./core/panic.c.o
 .data          0xffffffff800098b2        0x0 ./io/io.c.o
 .data          0xffffffff800098b2        0x0 ./io/serial.c.o
 *fill*         0xffffffff800098b2        0x2 
 .data          0xffffffff800098b4      0x800 ./core/idtasm.asm.o
                0xffffffff800098b4                idt_stub_table

.got            0xffffffff8000a0b8        0x0
 .got           0xffffffff8000a0b8        0x0 ./memory/pmm.c.o

.got.plt        0xffffffff8000a0b8        0x0
 .got.plt       0xffffffff8000a0b8        0x0 ./memory/pmm.c.o

.dynamic        0xffffffff8000a0b8      0x110
 *(.dynamic)
 .dynamic       0xffffffff8000a0b8      0x110 ./memory/pmm.c.o
                0xffffffff8000a0b8                _DYNAMIC

.bss            0xffffffff8000a1e0     0x1860
 *(.bss .bss.*)
 .bss           0xffffffff8000a1e0       0x20 ./memory/pmm.c.o
                0xffffffff8000a1e0                bitmap_index
                0xffffffff8000a1e8                bitmap_pages
                0xffffffff8000a1f0                bitmap_size
                0xffffffff8000a1f8                bitmap
 .bss           0xffffffff8000a200        0x8 ./utils/mem.c.o
                0xffffffff8000a200                hhdm
 .bss           0xffffffff8000a208        0x0 ./utils/num.c.o
 .bss           0xffffffff8000a208        0x0 ./kernel.c.o
 *fill*         0xffffffff8000a208       0x18 
 .bss           0xffffffff8000a220     0x1820 ./core/idt.c.o
 .bss           0xffffffff8000ba40        0x0 ./core/gdt.c.o
 .bss           0xffffffff8000ba40        0x0 ./core/panic.c.o
 .bss           0xffffffff8000ba40        0x0 ./io/io.c.o
 .bss           0xffffffff8000ba40        0x0 ./io/serial.c.o
 *(COMMON)

.dynbss         0xffffffff8000ba40        0x0
 .dynbss        0xffffffff8000ba40        0x0 ./memory/pmm.c.o

/DISCARD/
 *(.eh_frame)
 *(.note .note.*)
OUTPUT(kernel.elf elf64-x86-64)

.debug_info     0x0000000000000000     0x32a3
 .debug_info    0x0000000000000000      0xa8b ./memory/pmm.c.o
 .debug_info    0x0000000000000a8b      0x3e5 ./utils/mem.c.o
 .debug_info    0x0000000000000e70      0x851 ./utils/num.c.o
 .debug_info    0x00000000000016c1      0xb8a ./kernel.c.o
 .debug_info    0x000000000000224b      0x58f ./core/idt.c.o
 .debug_info    0x00000000000027da      0x11d ./core/gdt.c.o
 .debug_info    0x00000000000028f7      0x115 ./core/panic.c.o
 .debug_info    0x0000000000002a0c       0xee ./io/io.c.o
 .debug_info    0x0000000000002afa      0x707 ./io/serial.c.o
 .debug_info    0x0000000000003201       0x51 ./core/gdtasm.asm.o
 .debug_info    0x0000000000003252       0x51 ./core/idtasm.asm.o

.debug_abbrev   0x0000000000000000      0xd5a
 .debug_abbrev  0x0000000000000000      0x28d ./memory/pmm.c.o
 .debug_abbrev  0x000000000000028d      0x154 ./utils/mem.c.o
 .debug_abbrev  0x00000000000003e1      0x162 ./utils/num.c.o
 .debug_abbrev  0x0000000000000543      0x21e ./kernel.c.o
 .debug_abbrev  0x0000000000000761      0x213 ./core/idt.c.o
 .debug_abbrev  0x0000000000000974       0xce ./core/gdt.c.o
 .debug_abbrev  0x0000000000000a42       0x99 ./core/panic.c.o
 .debug_abbrev  0x0000000000000adb       0x86 ./io/io.c.o
 .debug_abbrev  0x0000000000000b61      0x1c3 ./io/serial.c.o
 .debug_abbrev  0x0000000000000d24       0x1b ./core/gdtasm.asm.o
 .debug_abbrev  0x0000000000000d3f       0x1b ./core/idtasm.asm.o

.debug_loclists
                0x0000000000000000     0x119e
 .debug_loclists
                0x0000000000000000      0x637 ./memory/pmm.c.o
 .debug_loclists
                0x0000000000000637      0x1c8 ./utils/mem.c.o
 .debug_loclists
                0x00000000000007ff      0x73a ./utils/num.c.o
 .debug_loclists
                0x0000000000000f39       0x5f ./kernel.c.o
 .debug_loclists
                0x0000000000000f98       0xe0 ./core/idt.c.o
 .debug_loclists
                0x0000000000001078       0x1b ./core/panic.c.o
 .debug_loclists
                0x0000000000001093       0x1c ./io/io.c.o
 .debug_loclists
                0x00000000000010af       0xef ./io/serial.c.o

.debug_aranges  0x0000000000000000      0x210
 .debug_aranges
                0x0000000000000000       0x30 ./memory/pmm.c.o
 .debug_aranges
                0x0000000000000030       0x30 ./utils/mem.c.o
 .debug_aranges
                0x0000000000000060       0x30 ./utils/num.c.o
 .debug_aranges
                0x0000000000000090       0x30 ./kernel.c.o
 .debug_aranges
                0x00000000000000c0       0x30 ./core/idt.c.o
 .debug_aranges
                0x00000000000000f0       0x30 ./core/gdt.c.o
 .debug_aranges
                0x0000000000000120       0x30 ./core/panic.c.o
 .debug_aranges
                0x0000000000000150       0x30 ./io/io.c.o
 .debug_aranges
                0x0000000000000180       0x30 ./io/serial.c.o
 .debug_aranges
                0x00000000000001b0       0x30 ./core/gdtasm.asm.o
 .debug_aranges
                0x00000000000001e0       0x30 ./core/idtasm.asm.o

.debug_rnglists
                0x0000000000000000      0x1b4
 .debug_rnglists
                0x0000000000000000       0xff ./memory/pmm.c.o
 .debug_rnglists
                0x00000000000000ff       0x13 ./utils/mem.c.o
 .debug_rnglists
                0x0000000000000112       0x59 ./utils/num.c.o
 .debug_rnglists
                0x000000000000016b       0x1c ./core/idt.c.o
 .debug_rnglists
                0x0000000000000187       0x2d ./io/serial.c.o

.debug_line     0x0000000000000000     0x4c77
 .debug_line    0x0000000000000000      0x4e9 ./memory/pmm.c.o
 .debug_line    0x00000000000004e9      0x23c ./utils/mem.c.o
 .debug_line    0x0000000000000725      0x297 ./utils/num.c.o
 .debug_line    0x00000000000009bc      0x157 ./kernel.c.o
 .debug_line    0x0000000000000b13      0x1c4 ./core/idt.c.o
 .debug_line    0x0000000000000cd7       0x61 ./core/gdt.c.o
 .debug_line    0x0000000000000d38       0x7c ./core/panic.c.o
 .debug_line    0x0000000000000db4       0x61 ./io/io.c.o
 .debug_line    0x0000000000000e15      0x250 ./io/serial.c.o
 .debug_line    0x0000000000001065       0x4b ./core/gdtasm.asm.o
 .debug_line    0x00000000000010b0     0x3bc7 ./core/idtasm.asm.o

.debug_str      0x0000000000000000      0x64a
 .debug_str     0x0000000000000000      0x24f ./memory/pmm.c.o
                                        0x2b6 (size before relaxing)
 .debug_str     0x000000000000024f       0x40 ./utils/mem.c.o
                                        0x19d (size before relaxing)
 .debug_str     0x000000000000028f       0x70 ./utils/num.c.o
                                        0x1e4 (size before relaxing)
 .debug_str     0x00000000000002ff      0x22c ./kernel.c.o
                                        0x48b (size before relaxing)
 .debug_str     0x000000000000052b       0xa7 ./core/idt.c.o
                                        0x270 (size before relaxing)
 .debug_str     0x00000000000005d2       0x1a ./core/gdt.c.o
                                        0x15b (size before relaxing)
 .debug_str     0x00000000000005ec      0x153 ./core/panic.c.o
 .debug_str     0x00000000000005ec       0x12 ./io/io.c.o
                                        0x146 (size before relaxing)
 .debug_str     0x00000000000005fe       0x4c ./io/serial.c.o
                                        0x1ea (size before relaxing)

.debug_line_str
                0x0000000000000000      0x14b
 .debug_line_str
                0x0000000000000000       0xa3 ./memory/pmm.c.o
                                         0xca (size before relaxing)
 .debug_line_str
                0x00000000000000a3       0x1b ./utils/mem.c.o
                                         0xa3 (size before relaxing)
 .debug_line_str
                0x00000000000000be        0xc ./utils/num.c.o
                                         0x94 (size before relaxing)
 .debug_line_str
                0x00000000000000ca       0x20 ./kernel.c.o
                                         0xdb (size before relaxing)
 .debug_line_str
                0x00000000000000ea       0x1e ./core/idt.c.o
                                         0xb4 (size before relaxing)
 .debug_line_str
                0x0000000000000108        0xb ./core/gdt.c.o
                                         0x98 (size before relaxing)
 .debug_line_str
                0x0000000000000113        0xd ./core/panic.c.o
                                         0x68 (size before relaxing)
 .debug_line_str
                0x0000000000000120        0x8 ./io/io.c.o
                                         0x47 (size before relaxing)
 .debug_line_str
                0x0000000000000128       0x23 ./io/serial.c.o
                                         0xae (size before relaxing)

.comment        0x0000000000000000       0x12
 .comment       0x0000000000000000       0x12 ./memory/pmm.c.o
                                         0x13 (size before relaxing)
 .comment       0x0000000000000012       0x13 ./utils/mem.c.o
 .comment       0x0000000000000012       0x13 ./utils/num.c.o
 .comment       0x0000000000000012       0x13 ./kernel.c.o
 .comment       0x0000000000000012       0x13 ./core/idt.c.o
 .comment       0x0000000000000012       0x13 ./core/gdt.c.o
 .comment       0x0000000000000012       0x13 ./core/panic.c.o
 .comment       0x0000000000000012       0x13 ./io/io.c.o
 .comment       0x0000000000000012       0x13 ./io/serial.c.o

.debug_pubnames
                0x0000000000000000        0x0
 .debug_pubnames
                0x0000000000000000        0x0 ./core/gdtasm.asm.o
 .debug_pubnames
                0x0000000000000000        0x0 ./core/idtasm.asm.o

.debug_frame    0x0000000000000000        0x0
 .debug_frame   0x0000000000000000        0x0 ./core/gdtasm.asm.o
 .debug_frame   0x0000000000000000        0x0 ./core/idtasm.asm.o

.debug_loc      0x0000000000000000        0x0
 .debug_loc     0x0000000000000000        0x0 ./core/gdtasm.asm.o
 .debug_loc     0x0000000000000000        0x0 ./core/idtasm.asm.o
